../Core/Src/main.c:100:5:__io_putchar	1
../Core/Src/main.c:105:5:_write	2
../Core/Src/main.c:116:6:HAL_TIM_IC_CaptureCallback	11
../Core/Src/main.c:150:6:HAL_TIM_PeriodElapsedCallback	2
../Core/Src/main.c:164:5:main	1
../Core/Src/main.c:239:6:SystemClock_Config	3
../Core/Src/main.c:287:13:MX_I2C1_Init	2
../Core/Src/main.c:321:13:MX_I2C2_Init	2
../Core/Src/main.c:355:13:MX_TIM1_Init	10
../Core/Src/main.c:442:13:MX_TIM2_Init	8
../Core/Src/main.c:516:13:MX_TIM3_Init	8
../Core/Src/main.c:590:13:MX_TIM4_Init	8
../Core/Src/main.c:664:13:MX_TIM5_Init	8
../Core/Src/main.c:738:13:MX_TIM6_Init	3
../Core/Src/main.c:776:13:MX_USART2_UART_Init	2
../Core/Src/main.c:809:13:MX_GPIO_Init	1
../Core/Src/main.c:834:6:Error_Handler	1
