../Core/Src/main.c:98:5:__io_putchar	16	static
../Core/Src/main.c:103:5:_write	32	static
../Core/Src/main.c:114:6:HAL_TIM_IC_CaptureCallback	24	static
../Core/Src/main.c:152:5:main	8	static
../Core/Src/main.c:218:6:SystemClock_Config	88	static
../Core/Src/main.c:266:13:MX_I2C1_Init	8	static
../Core/Src/main.c:300:13:MX_I2C2_Init	8	static
../Core/Src/main.c:334:13:MX_TIM1_Init	96	static
../Core/Src/main.c:421:13:MX_TIM2_Init	72	static
../Core/Src/main.c:495:13:MX_TIM3_Init	72	static
../Core/Src/main.c:569:13:MX_TIM4_Init	72	static
../Core/Src/main.c:643:13:MX_TIM5_Init	72	static
../Core/Src/main.c:717:13:MX_USART2_UART_Init	8	static
../Core/Src/main.c:750:13:MX_GPIO_Init	24	static
../Core/Src/main.c:775:6:Error_Handler	4	static,ignoring_inline_asm
